{
    "parameters": {
        "tables": [
            {
                "table": "table",
                "metadata": [
                    {
                        "key": "bdm.scaffold.table.tag",
                        "value": "bdm.keboola.test-app.sliced"
                    }
                ]
            }
        ]
    }
}
